[INFO] Scanning for projects...
[INFO] 
[INFO] -----------------------< com.tpgit:noticeboard >------------------------
[INFO] Building noticeboard 0.0.1-SNAPSHOT
[INFO]   from pom.xml
[INFO] --------------------------------[ jar ]---------------------------------
[INFO] 
[INFO] >>> spring-boot:3.5.10:run (default-cli) > test-compile @ noticeboard >>>
[INFO] 
[INFO] --- resources:3.3.1:resources (default-resources) @ noticeboard ---
[INFO] Copying 1 resource from src\main\resources to target\classes
[INFO] Copying 4 resources from src\main\resources to target\classes
[INFO] 
[INFO] --- compiler:3.14.1:compile (default-compile) @ noticeboard ---
[INFO] Nothing to compile - all classes are up to date.
[INFO] 
[INFO] --- resources:3.3.1:testResources (default-testResources) @ noticeboard ---
[INFO] skip non existing resourceDirectory C:\Users\Gopinath\Downloads\noticeboard11\src\test\resources
[INFO] 
[INFO] --- compiler:3.14.1:testCompile (default-testCompile) @ noticeboard ---
[INFO] Nothing to compile - all classes are up to date.
[INFO] 
[INFO] <<< spring-boot:3.5.10:run (default-cli) < test-compile @ noticeboard <<<
[INFO] 
[INFO] 
[INFO] --- spring-boot:3.5.10:run (default-cli) @ noticeboard ---
[INFO] Attaching agents: []

  .   ____          _            __ _ _
 /\\ / ___'_ __ _ _(_)_ __  __ _ \ \ \ \
( ( )\___ | '_ | '_| | '_ \/ _` | \ \ \ \
 \\/  ___)| |_)| | | | | || (_| |  ) ) ) )
  '  |____| .__|_| |_|_| |_\__, | / / / /
 =========|_|==============|___/=/_/_/_/

 :: Spring Boot ::               (v3.5.10)

2026-02-18T22:07:00.389+05:30  INFO 23888 --- [noticeboard] [           main] c.t.noticeboard.NoticeboardApplication   : Starting NoticeboardApplication using Java 21.0.10 with PID 23888 (C:\Users\Gopinath\Downloads\noticeboard11\target\classes started by Gopinath in C:\Users\Gopinath\Downloads\noticeboard11)
2026-02-18T22:07:00.389+05:30  INFO 23888 --- [noticeboard] [           main] c.t.noticeboard.NoticeboardApplication   : No active profile set, falling back to 1 default profile: "default"
2026-02-18T22:07:01.094+05:30  INFO 23888 --- [noticeboard] [           main] .s.d.r.c.RepositoryConfigurationDelegate : Bootstrapping Spring Data JPA repositories in DEFAULT mode.
2026-02-18T22:07:01.147+05:30  INFO 23888 --- [noticeboard] [           main] .s.d.r.c.RepositoryConfigurationDelegate : Finished Spring Data repository scanning in 58 ms. Found 2 JPA repository interfaces.
2026-02-18T22:07:01.747+05:30  INFO 23888 --- [noticeboard] [           main] o.s.b.w.embedded.tomcat.TomcatWebServer  : Tomcat initialized with port 0 (http)
2026-02-18T22:07:01.763+05:30  INFO 23888 --- [noticeboard] [           main] o.apache.catalina.core.StandardService   : Starting service [Tomcat]
2026-02-18T22:07:01.763+05:30  INFO 23888 --- [noticeboard] [           main] o.apache.catalina.core.StandardEngine    : Starting Servlet engine: [Apache Tomcat/10.1.50]
2026-02-18T22:07:01.817+05:30  INFO 23888 --- [noticeboard] [           main] o.a.c.c.C.[Tomcat].[localhost].[/]       : Initializing Spring embedded WebApplicationContext
2026-02-18T22:07:01.817+05:30  INFO 23888 --- [noticeboard] [           main] w.s.c.ServletWebServerApplicationContext : Root WebApplicationContext: initialization completed in 1372 ms
2026-02-18T22:07:01.942+05:30  INFO 23888 --- [noticeboard] [           main] o.hibernate.jpa.internal.util.LogHelper  : HHH000204: Processing PersistenceUnitInfo [name: default]
2026-02-18T22:07:01.991+05:30  INFO 23888 --- [noticeboard] [           main] org.hibernate.Version                    : HHH000412: Hibernate ORM core version 6.6.41.Final
2026-02-18T22:07:02.023+05:30  INFO 23888 --- [noticeboard] [           main] o.h.c.internal.RegionFactoryInitiator    : HHH000026: Second-level cache disabled
2026-02-18T22:07:02.278+05:30  INFO 23888 --- [noticeboard] [           main] o.s.o.j.p.SpringPersistenceUnitInfo      : No LoadTimeWeaver setup: ignoring JPA class transformer
2026-02-18T22:07:02.310+05:30  INFO 23888 --- [noticeboard] [           main] com.zaxxer.hikari.HikariDataSource       : HikariPool-1 - Starting...
2026-02-18T22:07:02.457+05:30  INFO 23888 --- [noticeboard] [           main] com.zaxxer.hikari.pool.HikariPool        : HikariPool-1 - Added connection com.mysql.cj.jdbc.ConnectionImpl@722b2728
2026-02-18T22:07:02.457+05:30  INFO 23888 --- [noticeboard] [           main] com.zaxxer.hikari.HikariDataSource       : HikariPool-1 - Start completed.
2026-02-18T22:07:02.523+05:30  WARN 23888 --- [noticeboard] [           main] org.hibernate.orm.deprecation            : HHH90000025: MySQL8Dialect does not need to be specified explicitly using 'hibernate.dialect' (remove the property setting and it will be selected by default)
2026-02-18T22:07:02.523+05:30  WARN 23888 --- [noticeboard] [           main] org.hibernate.orm.deprecation            : HHH90000026: MySQL8Dialect has been deprecated; use org.hibernate.dialect.MySQLDialect instead
2026-02-18T22:07:02.537+05:30  INFO 23888 --- [noticeboard] [           main] org.hibernate.orm.connections.pooling    : HHH10001005: Database info:
	Database JDBC URL [Connecting through datasource 'HikariDataSource (HikariPool-1)']
	Database driver: undefined/unknown
	Database version: 8.0
	Autocommit mode: undefined/unknown
	Isolation level: undefined/unknown
	Minimum pool size: undefined/unknown
	Maximum pool size: undefined/unknown
2026-02-18T22:07:03.351+05:30  INFO 23888 --- [noticeboard] [           main] o.h.e.t.j.p.i.JtaPlatformInitiator       : HHH000489: No JTA platform available (set 'hibernate.transaction.jta.platform' to enable JTA platform integration)
2026-02-18T22:07:03.398+05:30  INFO 23888 --- [noticeboard] [           main] j.LocalContainerEntityManagerFactoryBean : Initialized JPA EntityManagerFactory for persistence unit 'default'
2026-02-18T22:07:03.773+05:30  INFO 23888 --- [noticeboard] [           main] r$InitializeUserDetailsManagerConfigurer : Global AuthenticationManager configured with UserDetailsService bean with name userDetailsServiceImpl
2026-02-18T22:07:03.827+05:30  INFO 23888 --- [noticeboard] [           main] o.s.d.j.r.query.QueryEnhancerFactory     : Hibernate is in classpath; If applicable, HQL parser will be used.
2026-02-18T22:07:04.342+05:30  WARN 23888 --- [noticeboard] [           main] JpaBaseConfiguration$JpaWebConfiguration : spring.jpa.open-in-view is enabled by default. Therefore, database queries may be performed during view rendering. Explicitly configure spring.jpa.open-in-view to disable this warning
2026-02-18T22:07:04.376+05:30  INFO 23888 --- [noticeboard] [           main] o.s.b.a.w.s.WelcomePageHandlerMapping    : Adding welcome page: class path resource [static/index.html]
2026-02-18T22:07:04.963+05:30  INFO 23888 --- [noticeboard] [           main] o.s.b.w.embedded.tomcat.TomcatWebServer  : Tomcat started on port 64618 (http) with context path '/'
2026-02-18T22:07:04.977+05:30  INFO 23888 --- [noticeboard] [           main] c.t.noticeboard.NoticeboardApplication   : Started NoticeboardApplication in 5.024 seconds (process running for 5.442)
Hibernate: select u1_0.id,u1_0.email,u1_0.password,u1_0.role from users u1_0 where u1_0.email=?
Hibernate: select u1_0.id,u1_0.email,u1_0.password,u1_0.role from users u1_0 where u1_0.id=?
Hibernate: select u1_0.id,u1_0.email,u1_0.password,u1_0.role from users u1_0 where u1_0.email=?
Hibernate: select u1_0.id,u1_0.email,u1_0.password,u1_0.role from users u1_0 where u1_0.id=?
Hibernate: select u1_0.id,u1_0.email,u1_0.password,u1_0.role from users u1_0 where u1_0.email=?
Hibernate: select u1_0.id,u1_0.email,u1_0.password,u1_0.role from users u1_0 where u1_0.id=?
Hibernate: select u1_0.id,u1_0.email,u1_0.password,u1_0.role from users u1_0 where u1_0.email=?
Hibernate: select u1_0.id,u1_0.email,u1_0.password,u1_0.role from users u1_0 where u1_0.id=?
Hibernate: select u1_0.id,u1_0.email,u1_0.password,u1_0.role from users u1_0 where u1_0.email=?
Hibernate: select u1_0.id,u1_0.email,u1_0.password,u1_0.role from users u1_0 where u1_0.id=?
Hibernate: select u1_0.id,u1_0.email,u1_0.password,u1_0.role from users u1_0 where u1_0.email=?
Hibernate: select u1_0.id,u1_0.email,u1_0.password,u1_0.role from users u1_0 where u1_0.id=?
Hibernate: select u1_0.id,u1_0.email,u1_0.password,u1_0.role from users u1_0 where u1_0.email=?
Hibernate: select u1_0.id,u1_0.email,u1_0.password,u1_0.role from users u1_0 where u1_0.id=?
Hibernate: select u1_0.id,u1_0.email,u1_0.password,u1_0.role from users u1_0 where u1_0.email=?
Hibernate: select u1_0.id,u1_0.email,u1_0.password,u1_0.role from users u1_0 where u1_0.id=?
